// Jest Snapshot v1, https://goo.gl/fbAQLP

exports[`globSync 1`] = `
[
  "pyramation/deployments/deployment-config.txt",
]
`;
